X >= 2.NameInv(Kennedy)
Person(John)
>= 2.Name(John)
>= 2.NameInv(Kennedy)
>= 1.NameInv(Mcking)
X X X >= 1.Name(Ana)
X >= 2.Name(John)
>= 1.Name(John)
X >= 1.Name(John)
X >= 1.NameInv(Kennedy)
>= 1.NameInv(Kennedy)
X X X >= 1.NameInv(Kennedy)
>= 1.Name(Maria)
X X X >= 2.NameInv(Kennedy)